
2025-03-29 16:09:54...installerHook: Info: custom/install/install_hooks.php not present, no custom hooks to execute
2025-03-29 16:10:04...Begin System Check Process *************
2025-03-29 16:10:04...XML Parsing Support Found
2025-03-29 16:10:04...JSON Parsing Support Found
2025-03-29 16:10:04...MBString Support Found
2025-03-29 16:10:04...ZIP Support Found
2025-03-29 16:10:04.../custom directory and subdirectory check passed
2025-03-29 16:10:04...cache directory and subdirectory check passed
2025-03-29 16:10:08.../module  directory and subdirectory check passed
2025-03-29 16:10:08.../upload directory check passed
2025-03-29 16:10:08.../zip check passed
2025-03-29 16:10:08...PCRE version check passed
2025-03-29 16:10:08...installerHook: Info: custom/install/install_hooks.php not present, no custom hooks to execute
2025-03-29 16:10:08...php.ini location found. 
2025-03-29 16:10:08...Outputting HTML for System check
2025-03-29 16:10:08...No Errors were found *************
2025-03-29 16:10:11...installerHook: Info: custom/install/install_hooks.php not present, no custom hooks to execute
2025-03-29 16:10:25...installerHook: Info: custom/install/install_hooks.php not present, no custom hooks to execute
2025-03-29 16:10:35...installerHook: Info: custom/install/install_hooks.php not present, no custom hooks to execute
2025-03-29 16:11:26...Begin DB Check Process *************
2025-03-29 16:11:26...testing with mysql:mysqli
2025-03-29 16:11:26...Basic form info is valid, continuing Process.
2025-03-29 16:11:26...Testing user account...
2025-03-29 16:11:26...Connection made using  host: mysql, usr: suitecrm
2025-03-29 16:11:26...SUCCESS:: no errors detected!
2025-03-29 16:11:26...End DB Check Process *************
2025-03-29 16:11:29...installerHook: Info: custom/install/install_hooks.php not present, no custom hooks to execute
2025-03-29 16:11:29...calling handleSugarConfig()
2025-03-29 16:11:29...calling handleHtaccess()
2025-03-29 16:11:29...calling handleDbCreateDatabase()
2025-03-29 16:11:31...looping through all the Beans and create their tables
2025-03-29 16:11:31...processing table acl_actions
2025-03-29 16:11:32...creating table acl_actions
2025-03-29 16:11:32...creating Relationship Meta for ACLAction
2025-03-29 16:11:32...processing table acl_roles
2025-03-29 16:11:32...creating table acl_roles
2025-03-29 16:11:32...creating Relationship Meta for ACLRole
2025-03-29 16:11:33...processing table relationships
2025-03-29 16:11:33...creating table relationships
2025-03-29 16:11:33...creating Relationship Meta for Relationship
2025-03-29 16:11:34...processing table leads
2025-03-29 16:11:38...creating table leads
2025-03-29 16:11:38...creating Relationship Meta for Lead
2025-03-29 16:11:40...processing table cases
2025-03-29 16:11:43...creating table cases
2025-03-29 16:11:43...creating Relationship Meta for Case
2025-03-29 16:11:44...processing table bugs
2025-03-29 16:11:47...creating table bugs
2025-03-29 16:11:47...creating Relationship Meta for Bug
2025-03-29 16:11:48...processing table users
2025-03-29 16:11:49...creating table users
2025-03-29 16:11:49...creating Relationship Meta for User
2025-03-29 16:11:50...processing table campaign_log
2025-03-29 16:11:51...creating table campaign_log
2025-03-29 16:11:51...creating Relationship Meta for CampaignLog
2025-03-29 16:11:52...processing table project
2025-03-29 16:11:53...creating table project
2025-03-29 16:11:53...creating Relationship Meta for Project
2025-03-29 16:11:55...processing table project_task
2025-03-29 16:11:57...creating table project_task
2025-03-29 16:11:57...creating Relationship Meta for ProjectTask
2025-03-29 16:11:58...processing table campaigns
2025-03-29 16:12:00...creating table campaigns
2025-03-29 16:12:00...creating Relationship Meta for Campaign
2025-03-29 16:12:02...processing table prospect_lists
2025-03-29 16:12:03...creating table prospect_lists
2025-03-29 16:12:03...creating Relationship Meta for ProspectList
2025-03-29 16:12:04...processing table prospects
2025-03-29 16:12:06...creating table prospects
2025-03-29 16:12:06...creating Relationship Meta for Prospect
2025-03-29 16:12:08...processing table email_marketing
2025-03-29 16:12:10...creating table email_marketing
2025-03-29 16:12:10...creating Relationship Meta for EmailMarketing
2025-03-29 16:12:10...processing table campaign_trkrs
2025-03-29 16:12:11...creating table campaign_trkrs
2025-03-29 16:12:11...creating Relationship Meta for CampaignTracker
2025-03-29 16:12:11...processing table releases
2025-03-29 16:12:11...creating table releases
2025-03-29 16:12:11...creating Relationship Meta for Release
2025-03-29 16:12:12...processing table emailman
2025-03-29 16:12:13...creating table emailman
2025-03-29 16:12:13...creating Relationship Meta for EmailMan
2025-03-29 16:12:13...processing table schedulers
2025-03-29 16:12:14...creating table schedulers
2025-03-29 16:12:14...creating Relationship Meta for Scheduler
2025-03-29 16:12:14...processing table job_queue
2025-03-29 16:12:15...creating table job_queue
2025-03-29 16:12:15...creating Relationship Meta for SchedulersJob
2025-03-29 16:12:16...processing table contacts
2025-03-29 16:12:18...creating table contacts
2025-03-29 16:12:18...creating Relationship Meta for Contact
2025-03-29 16:12:20...processing table accounts
2025-03-29 16:12:23...creating table accounts
2025-03-29 16:12:23...creating Relationship Meta for Account
2025-03-29 16:12:25...processing table opportunities
2025-03-29 16:12:26...creating table opportunities
2025-03-29 16:12:26...creating Relationship Meta for Opportunity
2025-03-29 16:12:29...processing table email_templates
2025-03-29 16:12:31...creating table email_templates
2025-03-29 16:12:31...creating Relationship Meta for EmailTemplate
2025-03-29 16:12:32...processing table notes
2025-03-29 16:12:34...creating table notes
2025-03-29 16:12:34...creating Relationship Meta for Note
2025-03-29 16:12:35...processing table calls
2025-03-29 16:12:37...creating table calls
2025-03-29 16:12:37...creating Relationship Meta for Call
2025-03-29 16:12:39...processing table emails
2025-03-29 16:12:41...creating table emails
2025-03-29 16:12:41...creating Relationship Meta for Email
2025-03-29 16:12:42...processing table meetings
2025-03-29 16:12:44...creating table meetings
2025-03-29 16:12:44...creating Relationship Meta for Meeting
2025-03-29 16:12:46...processing table tasks
2025-03-29 16:12:48...creating table tasks
2025-03-29 16:12:48...creating Relationship Meta for Task
2025-03-29 16:12:49...processing table users
2025-03-29 16:12:49...processing table users
2025-03-29 16:12:49...processing table currencies
2025-03-29 16:12:50...creating table currencies
2025-03-29 16:12:50...creating Relationship Meta for Currency
2025-03-29 16:12:50...processing table tracker
2025-03-29 16:12:51...creating table tracker
2025-03-29 16:12:51...creating Relationship Meta for Tracker
2025-03-29 16:12:51...processing table import_maps
2025-03-29 16:12:52...creating table import_maps
2025-03-29 16:12:52...creating Relationship Meta for ImportMap
2025-03-29 16:12:52...processing table users_last_import
2025-03-29 16:12:53...creating table users_last_import
2025-03-29 16:12:53...creating Relationship Meta for UsersLastImport
2025-03-29 16:12:53...processing table config
2025-03-29 16:12:54...creating table config
2025-03-29 16:12:54...creating Relationship Meta for Administration
2025-03-29 16:12:54...processing table upgrade_history
2025-03-29 16:12:55...creating table upgrade_history
2025-03-29 16:12:55...creating Relationship Meta for UpgradeHistory
2025-03-29 16:12:55...processing table vcals
2025-03-29 16:12:55...creating table vcals
2025-03-29 16:12:55...creating Relationship Meta for vCal
2025-03-29 16:12:54...processing table alerts
2025-03-29 16:12:56...creating table alerts
2025-03-29 16:12:56...creating Relationship Meta for Alert
2025-03-29 16:12:56...processing table roles
2025-03-29 16:12:57...creating table roles
2025-03-29 16:12:57...creating Relationship Meta for Role
2025-03-29 16:12:58...processing table documents
2025-03-29 16:12:59...creating table documents
2025-03-29 16:12:59...creating Relationship Meta for Document
2025-03-29 16:13:00...processing table document_revisions
2025-03-29 16:13:00...creating table document_revisions
2025-03-29 16:13:00...creating Relationship Meta for DocumentRevision
2025-03-29 16:13:01...processing table fields_meta_data
2025-03-29 16:13:01...creating table fields_meta_data
2025-03-29 16:13:01...creating Relationship Meta for FieldsMetaData
2025-03-29 16:13:02...processing table 
2025-03-29 16:13:03...processing table inbound_email
2025-03-29 16:13:04...creating table inbound_email
2025-03-29 16:13:04...creating Relationship Meta for InboundEmail
2025-03-29 16:13:06...processing table saved_search
2025-03-29 16:13:06...creating table saved_search
2025-03-29 16:13:06...creating Relationship Meta for SavedSearch
2025-03-29 16:13:07...processing table user_preferences
2025-03-29 16:13:07...creating table user_preferences
2025-03-29 16:13:07...creating Relationship Meta for UserPreference
2025-03-29 16:13:07...processing table 
2025-03-29 16:13:07...processing table email_addresses
2025-03-29 16:13:09...creating table email_addresses
2025-03-29 16:13:09...creating Relationship Meta for EmailAddress
2025-03-29 16:13:09...processing table emails_text
2025-03-29 16:13:10...creating table emails_text
2025-03-29 16:13:10...creating Relationship Meta for EmailText
2025-03-29 16:13:11...processing table spots
2025-03-29 16:13:12...creating table spots
2025-03-29 16:13:12...creating Relationship Meta for Spots
2025-03-29 16:13:13...processing table aobh_businesshours
2025-03-29 16:13:14...creating table aobh_businesshours
2025-03-29 16:13:14...creating Relationship Meta for AOBH_BusinessHours
2025-03-29 16:13:15...processing table sugarfeed
2025-03-29 16:13:16...creating table sugarfeed
2025-03-29 16:13:16...creating Relationship Meta for SugarFeed
2025-03-29 16:13:17...processing table eapm
2025-03-29 16:13:19...creating table eapm
2025-03-29 16:13:19...creating Relationship Meta for EAPM
2025-03-29 16:13:20...processing table oauth_consumer
2025-03-29 16:13:20...creating table oauth_consumer
2025-03-29 16:13:20...creating Relationship Meta for OAuthKey
2025-03-29 16:13:20...processing table oauth_tokens
2025-03-29 16:13:21...creating table oauth_tokens
2025-03-29 16:13:21...creating Relationship Meta for OAuthToken
2025-03-29 16:13:22...processing table am_projecttemplates
2025-03-29 16:13:24...creating table am_projecttemplates
2025-03-29 16:13:24...creating Relationship Meta for AM_ProjectTemplates
2025-03-29 16:13:25...processing table am_tasktemplates
2025-03-29 16:13:28...creating table am_tasktemplates
2025-03-29 16:13:28...creating Relationship Meta for AM_TaskTemplates
2025-03-29 16:13:29...processing table favorites
2025-03-29 16:13:29...creating table favorites
2025-03-29 16:13:29...creating Relationship Meta for Favorites
2025-03-29 16:13:30...processing table aok_knowledge_base_categories
2025-03-29 16:13:33...creating table aok_knowledge_base_categories
2025-03-29 16:13:33...creating Relationship Meta for AOK_Knowledge_Base_Categories
2025-03-29 16:13:34...processing table aok_knowledgebase
2025-03-29 16:13:37...creating table aok_knowledgebase
2025-03-29 16:13:37...creating Relationship Meta for AOK_KnowledgeBase
2025-03-29 16:13:38...processing table reminders
2025-03-29 16:13:39...creating table reminders
2025-03-29 16:13:39...creating Relationship Meta for Reminder
2025-03-29 16:13:40...processing table reminders_invitees
2025-03-29 16:13:42...creating table reminders_invitees
2025-03-29 16:13:42...creating Relationship Meta for Reminder_Invitee
2025-03-29 16:13:43...processing table fp_events
2025-03-29 16:13:46...creating table fp_events
2025-03-29 16:13:46...creating Relationship Meta for FP_events
2025-03-29 16:13:47...processing table fp_event_locations
2025-03-29 16:13:49...creating table fp_event_locations
2025-03-29 16:13:49...creating Relationship Meta for FP_Event_Locations
2025-03-29 16:13:50...processing table aod_indexevent
2025-03-29 16:13:51...creating table aod_indexevent
2025-03-29 16:13:51...creating Relationship Meta for AOD_IndexEvent
2025-03-29 16:13:52...processing table aod_index
2025-03-29 16:13:56...creating table aod_index
2025-03-29 16:13:56...creating Relationship Meta for AOD_Index
2025-03-29 16:13:57...processing table aop_case_events
2025-03-29 16:14:00...creating table aop_case_events
2025-03-29 16:14:00...creating Relationship Meta for AOP_Case_Events
2025-03-29 16:14:01...processing table aop_case_updates
2025-03-29 16:14:03...creating table aop_case_updates
2025-03-29 16:14:03...creating Relationship Meta for AOP_Case_Updates
2025-03-29 16:14:04...processing table aor_reports
2025-03-29 16:14:07...creating table aor_reports
2025-03-29 16:14:07...creating Relationship Meta for AOR_Report
2025-03-29 16:14:08...processing table aor_fields
2025-03-29 16:14:09...creating table aor_fields
2025-03-29 16:14:09...creating Relationship Meta for AOR_Field
2025-03-29 16:14:09...processing table aor_charts
2025-03-29 16:14:10...creating table aor_charts
2025-03-29 16:14:10...creating Relationship Meta for AOR_Chart
2025-03-29 16:14:11...processing table aor_conditions
2025-03-29 16:14:12...creating table aor_conditions
2025-03-29 16:14:12...creating Relationship Meta for AOR_Condition
2025-03-29 16:14:12...processing table aor_scheduled_reports
2025-03-29 16:14:15...creating table aor_scheduled_reports
2025-03-29 16:14:15...creating Relationship Meta for AOR_Scheduled_Reports
2025-03-29 16:14:16...processing table aos_contracts
2025-03-29 16:14:17...creating table aos_contracts
2025-03-29 16:14:17...creating Relationship Meta for AOS_Contracts
2025-03-29 16:14:20...processing table aos_invoices
2025-03-29 16:14:22...creating table aos_invoices
2025-03-29 16:14:22...creating Relationship Meta for AOS_Invoices
2025-03-29 16:14:23...processing table aos_pdf_templates
2025-03-29 16:14:25...creating table aos_pdf_templates
2025-03-29 16:14:25...creating Relationship Meta for AOS_PDF_Templates
2025-03-29 16:14:26...processing table aos_product_categories
2025-03-29 16:14:29...creating table aos_product_categories
2025-03-29 16:14:29...creating Relationship Meta for AOS_Product_Categories
2025-03-29 16:14:30...processing table aos_products
2025-03-29 16:14:32...creating table aos_products
2025-03-29 16:14:32...creating Relationship Meta for AOS_Products
2025-03-29 16:14:33...processing table aos_products_quotes
2025-03-29 16:14:35...creating table aos_products_quotes
2025-03-29 16:14:35...creating Relationship Meta for AOS_Products_Quotes
2025-03-29 16:14:36...processing table aos_line_item_groups
2025-03-29 16:14:37...creating table aos_line_item_groups
2025-03-29 16:14:37...creating Relationship Meta for AOS_Line_Item_Groups
2025-03-29 16:14:39...processing table aos_quotes
2025-03-29 16:14:41...creating table aos_quotes
2025-03-29 16:14:41...creating Relationship Meta for AOS_Quotes
2025-03-29 16:14:43...processing table aow_actions
2025-03-29 16:14:44...creating table aow_actions
2025-03-29 16:14:44...creating Relationship Meta for AOW_Action
2025-03-29 16:14:45...processing table aow_workflow
2025-03-29 16:14:47...creating table aow_workflow
2025-03-29 16:14:47...creating Relationship Meta for AOW_WorkFlow
2025-03-29 16:14:48...processing table aow_processed
2025-03-29 16:14:50...creating table aow_processed
2025-03-29 16:14:50...creating Relationship Meta for AOW_Processed
2025-03-29 16:14:51...processing table aow_conditions
2025-03-29 16:14:52...creating table aow_conditions
2025-03-29 16:14:52...creating Relationship Meta for AOW_Condition
2025-03-29 16:14:53...processing table jjwg_maps
2025-03-29 16:14:56...creating table jjwg_maps
2025-03-29 16:14:56...creating Relationship Meta for jjwg_Maps
2025-03-29 16:14:58...processing table jjwg_markers
2025-03-29 16:15:01...creating table jjwg_markers
2025-03-29 16:15:01...creating Relationship Meta for jjwg_Markers
2025-03-29 16:15:02...processing table jjwg_areas
2025-03-29 16:15:05...creating table jjwg_areas
2025-03-29 16:15:05...creating Relationship Meta for jjwg_Areas
2025-03-29 16:15:07...processing table jjwg_address_cache
2025-03-29 16:15:09...creating table jjwg_address_cache
2025-03-29 16:15:09...creating Relationship Meta for jjwg_Address_Cache
2025-03-29 16:15:11...processing table calls_reschedule
2025-03-29 16:15:13...creating table calls_reschedule
2025-03-29 16:15:13...creating Relationship Meta for Calls_Reschedule
2025-03-29 16:15:15...processing table securitygroups
2025-03-29 16:15:17...creating table securitygroups
2025-03-29 16:15:17...creating Relationship Meta for SecurityGroup
2025-03-29 16:15:18...processing table outbound_email
2025-03-29 16:15:21...creating table outbound_email
2025-03-29 16:15:22...creating Relationship Meta for OutboundEmailAccounts
2025-03-29 16:15:23...processing table external_oauth_connections
2025-03-29 16:15:25...creating table external_oauth_connections
2025-03-29 16:15:25...creating Relationship Meta for ExternalOAuthConnection
2025-03-29 16:15:26...processing table external_oauth_providers
2025-03-29 16:15:28...creating table external_oauth_providers
2025-03-29 16:15:28...creating Relationship Meta for ExternalOAuthProvider
2025-03-29 16:15:29...processing table templatesectionline
2025-03-29 16:15:31...creating table templatesectionline
2025-03-29 16:15:31...creating Relationship Meta for TemplateSectionLine
2025-03-29 16:15:31...processing table oauth2tokens
2025-03-29 16:15:32...creating table oauth2tokens
2025-03-29 16:15:32...creating Relationship Meta for OAuth2Tokens
2025-03-29 16:15:33...processing table oauth2clients
2025-03-29 16:15:33...creating table oauth2clients
2025-03-29 16:15:33...creating Relationship Meta for OAuth2Clients
2025-03-29 16:15:34...processing table surveyresponses
2025-03-29 16:15:37...creating table surveyresponses
2025-03-29 16:15:37...creating Relationship Meta for SurveyResponses
2025-03-29 16:15:38...processing table surveys
2025-03-29 16:15:42...creating table surveys
2025-03-29 16:15:42...creating Relationship Meta for Surveys
2025-03-29 16:15:42...processing table surveyquestionresponses
2025-03-29 16:15:44...creating table surveyquestionresponses
2025-03-29 16:15:44...creating Relationship Meta for SurveyQuestionResponses
2025-03-29 16:15:45...processing table surveyquestions
2025-03-29 16:15:49...creating table surveyquestions
2025-03-29 16:15:49...creating Relationship Meta for SurveyQuestions
2025-03-29 16:15:50...processing table surveyquestionoptions
2025-03-29 16:15:52...creating table surveyquestionoptions
2025-03-29 16:15:52...creating Relationship Meta for SurveyQuestionOptions
2025-03-29 16:17:19...Begin creating Defaults
2025-03-29 16:17:19...insert defaults into config table
2025-03-29 16:17:20...Creating default users
2025-03-29 16:17:22...Creating default scheduler jobs
2025-03-29 16:17:25...Enable SugarFeeds
2025-03-29 16:17:26...Installation has completed *********
2025-03-29 16:20:11...populating the db with seed data
2025-03-29 16:20:11...Save configuration settings..
2025-03-29 16:20:11...save locale
2025-03-29 16:20:11...new Administration
2025-03-29 16:20:11...retrieveSettings
2025-03-29 16:20:11...AdminWizard OFF
2025-03-29 16:20:11...saveConfig
2025-03-29 16:20:11...new Configurator
2025-03-29 16:20:11...populateFromPost
2025-03-29 16:20:11...handleOverride
2025-03-29 16:20:11...addCronAllowedUser
2025-03-29 16:20:11...saveConfig
2025-03-29 16:20:11...new Currency
2025-03-29 16:20:11...retrieve
2025-03-29 16:20:11...DBG: save currency
2025-03-29 16:20:11...Save user settings..
2025-03-29 16:20:13...DBG: SugarThemeRegistry::getDefault
2025-03-29 16:20:30...installerHook: Info: custom/install/install_hooks.php not present, no custom hooks to execute